<html>
<body>
<pre>
<h1>µVision Build Log</h1>
<h2>Tool Versions:</h2>
IDE-Version: ¦ÌVision V5.34.0.0
Copyright (C) 2021 ARM Ltd and ARM Germany GmbH. All rights reserved.
License Information: 1 BOX--one, 1, LIC=FYKYW-Q61YU-GKJBG-VF65F-X5RIH-LHT8B
 
Tool Versions:
Toolchain:       MDK-ARM Plus  Version: 5.34.0.0
Toolchain Path:  D:\keil\ARM\ARMCC\Bin
C Compiler:      Armcc.exe V5.06 update 7 (build 960)
Assembler:       Armasm.exe V5.06 update 7 (build 960)
Linker/Locator:  ArmLink.exe V5.06 update 7 (build 960)
Library Manager: ArmAr.exe V5.06 update 7 (build 960)
Hex Converter:   FromElf.exe V5.06 update 7 (build 960)
CPU DLL:         SARMCM3.DLL V5.34.0.0
Dialog DLL:      DCM.DLL V1.17.3.0
Target DLL:      Segger\JL2CM3.dll V2.99.38.0
Dialog DLL:      TCM.DLL V1.48.0.0
 
<h2>Project:</h2>
D:\stm32\car\car_pass\car_miss\MDK-ARM\car_miss.uvprojx
Project File Date:  05/17/2023

<h2>Output:</h2>
*** Using Compiler 'V5.06 update 7 (build 960)', folder: 'D:\keil\ARM\ARMCC\Bin'
Build target 'car_miss'
compiling main.c...
D:/stm32/car/car_pass/car_miss/hardware/motor/MOTOR.h(5): warning:  #1295-D: Deprecated declaration UP - give arg types
  void UP();
D:/stm32/car/car_pass/car_miss/hardware/motor/MOTOR.h(6): warning:  #1295-D: Deprecated declaration DOWN - give arg types
  void DOWN();
D:/stm32/car/car_pass/car_miss/hardware/motor/MOTOR.h(7): warning:  #1295-D: Deprecated declaration OK - give arg types
  void OK();
D:/stm32/car/car_pass/car_miss/hardware/motor/MOTOR.h(8): warning:  #1295-D: Deprecated declaration RIGHT - give arg types
  void RIGHT();
D:/stm32/car/car_pass/car_miss/hardware/motor/MOTOR.h(9): warning:  #1295-D: Deprecated declaration LEFT - give arg types
  void LEFT();
D:/stm32/car/car_pass/car_miss/hardware/motor/MOTOR.h(11): warning:  #1-D: last line of file ends without a newline
  #endif
../Core/Src/main.c: 6 warnings, 0 errors
linking...
Program Size: Code=9388 RO-data=324 RW-data=44 ZI-data=2172  
FromELF: creating hex file...
"car_miss\car_miss.axf" - 0 Error(s), 6 Warning(s).

<h2>Software Packages used:</h2>

Package Vendor: ARM
                http://www.keil.com/pack/ARM.CMSIS.5.7.0.pack
                ARM.CMSIS.5.7.0
                CMSIS (Cortex Microcontroller Software Interface Standard)
   * Component: CORE Version: 5.4.0

Package Vendor: Keil
                http://www.keil.com/pack/Keil.STM32F1xx_DFP.2.3.0.pack
                Keil.STM32F1xx_DFP.2.3.0
                STMicroelectronics STM32F1 Series Device Support, Drivers and Examples

<h2>Collection of Component include folders:</h2>
  .\RTE\_car_miss
  D:\keil\ARM\CMSIS\5.7.0\CMSIS\Core\Include
  D:\keil\Keil\STM32F1xx_DFP\2.3.0\Device\Include

<h2>Collection of Component Files used:</h2>

   * Component: ARM::CMSIS:CORE:5.4.0
      Include file:  CMSIS\Core\Include\tz_context.h
Build Time Elapsed:  00:00:02
</pre>
</body>
</html>
